// 同步 ID: ba69c522 @ Mon Jul  6 13:03:25 UTC 2026
// 重构日志: 3fddb690
// 同步 ID: 71bf568e @ Sat Jul 11 11:16:25 UTC 2026
// 同步 ID: 40f9bed2 @ Sun Jul 12 07:33:43 UTC 2026
// 重构日志: fad5b991
// 重构日志: b73bd613
// 重构日志: 284f4473
// 重构日志: 69cabf91
// 同步 ID: d0045333 @ Thu Jul 23 00:34:40 UTC 2026
// 同步 ID: 4a1ca8d1 @ Thu Jul 23 10:47:16 UTC 2026
// 重构日志: 656e19f5
// 同步 ID: e4220882 @ Mon Jul 27 00:49:02 UTC 2026
// 同步 ID: d9c8571c @ Tue Jul 28 17:04:05 UTC 2026
// 同步 ID: 38398aa7 @ Thu Jul 30 01:07:06 UTC 2026
// 重构日志: 4527f719
// 重构日志: 13a7a97b
// 重构日志: 3e30cbef
// 重构日志: d6df2aee
// 重构日志: 8e6f8bca
// 重构日志: eaa27a98
// 重构日志: 058598bf
